// Vitest Snapshot v1, https://vitest.dev/guide/snapshot.html

exports[`DepsAnalyzer > web3Modal 1`] = `
{
  "@adraffy/ens-normalize": [
    "1.10.1",
  ],
  "@coinbase/wallet-sdk": [
    "3.9.1",
  ],
  "@lit/reactive-element": [
    "1.6.3",
    "2.0.4",
  ],
  "@metamask/safe-event-emitter": [
    "2.0.0",
    "3.1.1",
  ],
  "@metamask/utils": [
    "5.0.2",
  ],
  "@motionone/animation": [
    "10.17.0",
  ],
  "@motionone/dom": [
    "10.17.0",
  ],
  "@motionone/easing": [
    "10.17.0",
  ],
  "@motionone/generators": [
    "10.17.0",
  ],
  "@motionone/types": [
    "10.17.0",
  ],
  "@motionone/utils": [
    "10.17.0",
  ],
  "@noble/curves": [
    "1.2.0",
  ],
  "@noble/hashes": [
    "1.3.2",
  ],
  "@stablelib/binary": [
    "1.0.1",
  ],
  "@stablelib/chacha": [
    "1.0.1",
  ],
  "@stablelib/chacha20poly1305": [
    "1.0.1",
  ],
  "@stablelib/constant-time": [
    "1.0.1",
  ],
  "@stablelib/ed25519": [
    "1.0.3",
  ],
  "@stablelib/hash": [
    "1.0.1",
  ],
  "@stablelib/hkdf": [
    "1.0.1",
  ],
  "@stablelib/hmac": [
    "1.0.1",
  ],
  "@stablelib/int": [
    "1.0.1",
  ],
  "@stablelib/poly1305": [
    "1.0.1",
  ],
  "@stablelib/random": [
    "1.0.2",
  ],
  "@stablelib/sha256": [
    "1.0.1",
  ],
  "@stablelib/sha512": [
    "1.0.1",
  ],
  "@stablelib/wipe": [
    "1.0.1",
  ],
  "@stablelib/x25519": [
    "1.0.3",
  ],
  "@walletconnect/core": [
    "2.11.1",
  ],
  "@walletconnect/environment": [
    "1.0.1",
  ],
  "@walletconnect/ethereum-provider": [
    "2.11.1",
  ],
  "@walletconnect/events": [
    "1.0.1",
  ],
  "@walletconnect/heartbeat": [
    "1.2.1",
  ],
  "@walletconnect/jsonrpc-http-connection": [
    "1.0.7",
  ],
  "@walletconnect/jsonrpc-provider": [
    "1.0.13",
  ],
  "@walletconnect/jsonrpc-types": [
    "1.0.3",
  ],
  "@walletconnect/jsonrpc-utils": [
    "1.0.8",
  ],
  "@walletconnect/jsonrpc-ws-connection": [
    "1.0.14",
  ],
  "@walletconnect/keyvaluestorage": [
    "1.1.1",
  ],
  "@walletconnect/logger": [
    "2.0.1",
  ],
  "@walletconnect/modal": [
    "2.6.2",
  ],
  "@walletconnect/modal-core": [
    "2.6.2",
  ],
  "@walletconnect/modal-ui": [
    "2.6.2",
  ],
  "@walletconnect/relay-api": [
    "1.0.9",
  ],
  "@walletconnect/relay-auth": [
    "1.0.4",
  ],
  "@walletconnect/safe-json": [
    "1.0.2",
  ],
  "@walletconnect/sign-client": [
    "2.11.1",
  ],
  "@walletconnect/time": [
    "1.0.2",
  ],
  "@walletconnect/types": [
    "2.11.1",
  ],
  "@walletconnect/universal-provider": [
    "2.11.1",
  ],
  "@walletconnect/utils": [
    "2.11.1",
  ],
  "@walletconnect/window-getters": [
    "1.0.1",
  ],
  "@walletconnect/window-metadata": [
    "1.0.1",
  ],
  "@web3modal/common": [
    "4.1.1",
  ],
  "@web3modal/core": [
    "4.1.1",
  ],
  "@web3modal/ethers": [
    "4.1.1",
  ],
  "@web3modal/polyfills": [
    "4.1.1",
  ],
  "@web3modal/scaffold": [
    "4.1.1",
  ],
  "@web3modal/scaffold-utils": [
    "4.1.1",
  ],
  "@web3modal/siwe": [
    "4.1.1",
  ],
  "@web3modal/ui": [
    "4.1.1",
  ],
  "@web3modal/wallet": [
    "4.1.1",
  ],
  "aes-js": [
    "4.0.0-beta.5",
  ],
  "async-mutex": [
    "0.2.6",
  ],
  "base64-js": [
    "1.5.1",
  ],
  "bn.js": [
    "5.2.1",
  ],
  "buffer": [
    "6.0.3",
  ],
  "clsx": [
    "1.2.1",
  ],
  "cross-fetch": [
    "3.1.8",
  ],
  "dayjs": [
    "1.11.10",
  ],
  "debug": [
    "4.3.4",
  ],
  "decode-uri-component": [
    "0.2.2",
  ],
  "destr": [
    "2.0.3",
  ],
  "detect-browser": [
    "5.3.0",
  ],
  "dijkstrajs": [
    "1.0.3",
  ],
  "encode-utf8": [
    "1.0.3",
  ],
  "eth-block-tracker": [
    "7.1.0",
  ],
  "eth-json-rpc-filters": [
    "6.0.1",
  ],
  "eth-query": [
    "2.1.2",
  ],
  "eth-rpc-errors": [
    "4.0.3",
  ],
  "ethers": [
    "6.11.1",
  ],
  "eventemitter3": [
    "5.0.1",
  ],
  "events": [
    "3.3.0",
  ],
  "fast-safe-stringify": [
    "2.1.1",
  ],
  "filter-obj": [
    "1.1.0",
  ],
  "hey-listen": [
    "1.0.8",
  ],
  "idb-keyval": [
    "6.2.1",
  ],
  "ieee754": [
    "1.2.1",
  ],
  "inherits": [
    "2.0.4",
  ],
  "isomorphic-unfetch": [
    "3.1.0",
  ],
  "json-rpc-engine": [
    "6.1.0",
  ],
  "json-rpc-random-id": [
    "1.0.1",
  ],
  "keccak": [
    "3.0.4",
  ],
  "lit": [
    "2.8.0",
    "3.1.0",
  ],
  "lit-element": [
    "3.3.3",
    "4.0.4",
  ],
  "lit-html": [
    "2.8.0",
    "3.1.2",
  ],
  "lodash.isequal": [
    "4.5.0",
  ],
  "lru-cache": [
    "6.0.0",
  ],
  "motion": [
    "10.16.2",
  ],
  "ms": [
    "2.1.2",
  ],
  "multiformats": [
    "9.9.0",
  ],
  "pify": [
    "3.0.0",
    "5.0.0",
  ],
  "pino": [
    "7.11.0",
  ],
  "preact": [
    "10.20.1",
  ],
  "preact-hooks": [
    "0.1.0",
  ],
  "proxy-compare": [
    "2.5.1",
  ],
  "qrcode": [
    "1.5.3",
  ],
  "query-string": [
    "7.1.3",
  ],
  "quick-format-unescaped": [
    "4.0.4",
  ],
  "react": [
    "18.2.0",
  ],
  "readable-stream": [
    "3.6.2",
  ],
  "safe-buffer": [
    "5.2.1",
  ],
  "semver": [
    "7.6.0",
  ],
  "sha.js": [
    "2.4.11",
  ],
  "split-on-first": [
    "1.1.0",
  ],
  "strict-uri-encode": [
    "2.0.0",
  ],
  "string_decoder": [
    "1.3.0",
  ],
  "superstruct": [
    "1.0.4",
  ],
  "tslib": [
    "1.14.1",
    "2.6.2",
  ],
  "uint8arrays": [
    "3.1.1",
  ],
  "unfetch": [
    "4.2.0",
  ],
  "unstorage": [
    "1.10.2",
  ],
  "use-sync-external-store": [
    "1.2.0",
  ],
  "util-deprecate": [
    "1.0.2",
  ],
  "valtio": [
    "1.11.2",
  ],
  "ws": [
    "7.5.9",
  ],
  "xtend": [
    "4.0.2",
  ],
  "yallist": [
    "4.0.0",
  ],
  "zod": [
    "3.22.4",
  ],
}
`;

exports[`DepsAnalyzer > web3Modal 2`] = `
{
  "@adraffy/ens-normalize@1.10.1": "/ethers/lib.esm/hash/namehash.js",
  "@coinbase/wallet-sdk@3.9.1": "/@web3modal/ethers/dist/esm/src/utils/defaultConfig.js",
  "@lit/reactive-element@1.6.3": "/lit/index.js",
  "@lit/reactive-element@2.0.4": "/lit/index.js",
  "@metamask/safe-event-emitter@2.0.0": "/json-rpc-engine/dist/JsonRpcEngine.js",
  "@metamask/safe-event-emitter@3.1.1": "/eth-json-rpc-filters/subscriptionManager.js",
  "@metamask/utils@5.0.2": "/eth-block-tracker/dist/logging-utils.js",
  "@motionone/animation@10.17.0": "/motion/dist/animate.es.js",
  "@motionone/dom@10.17.0": "/motion/dist/main.es.js",
  "@motionone/easing@10.17.0": "/@motionone/animation/dist/utils/easing.es.js",
  "@motionone/generators@10.17.0": "/@motionone/dom/dist/easing/spring/index.es.js",
  "@motionone/types@10.17.0": "/motion/dist/main.es.js",
  "@motionone/utils@10.17.0": "/motion/dist/animate.es.js",
  "@noble/curves@1.2.0": "/ethers/lib.esm/crypto/signing-key.js",
  "@noble/hashes@1.3.2": "/ethers/lib.esm/crypto/scrypt.js",
  "@stablelib/binary@1.0.1": "/@stablelib/sha256/lib/sha256.js",
  "@stablelib/chacha20poly1305@1.0.1": "/@walletconnect/utils/dist/index.es.js",
  "@stablelib/chacha@1.0.1": "/@stablelib/chacha20poly1305/lib/chacha20poly1305.js",
  "@stablelib/constant-time@1.0.1": "/@stablelib/chacha20poly1305/lib/chacha20poly1305.js",
  "@stablelib/ed25519@1.0.3": "/@walletconnect/relay-auth/dist/esm/api.js",
  "@stablelib/hash@1.0.1": "/@stablelib/hmac/lib/hmac.js",
  "@stablelib/hkdf@1.0.1": "/@walletconnect/utils/dist/index.es.js",
  "@stablelib/hmac@1.0.1": "/@stablelib/hkdf/lib/hkdf.js",
  "@stablelib/int@1.0.1": "/@stablelib/binary/lib/binary.js",
  "@stablelib/poly1305@1.0.1": "/@stablelib/chacha20poly1305/lib/chacha20poly1305.js",
  "@stablelib/random@1.0.2": "/@walletconnect/utils/dist/index.es.js",
  "@stablelib/sha256@1.0.1": "/@walletconnect/utils/dist/index.es.js",
  "@stablelib/sha512@1.0.1": "/@stablelib/ed25519/lib/ed25519.js",
  "@stablelib/wipe@1.0.1": "/@stablelib/sha256/lib/sha256.js",
  "@stablelib/x25519@1.0.3": "/@walletconnect/utils/dist/index.es.js",
  "@walletconnect/core@2.11.1": "/@walletconnect/sign-client/dist/index.es.js",
  "@walletconnect/environment@1.0.1": "/@walletconnect/jsonrpc-utils/dist/esm/env.js",
  "@walletconnect/ethereum-provider@2.11.1": "/@web3modal/ethers/dist/esm/src/client.js",
  "@walletconnect/events@1.0.1": "/@walletconnect/types/dist/index.es.js",
  "@walletconnect/heartbeat@1.2.1": "/@walletconnect/core/dist/index.es.js",
  "@walletconnect/jsonrpc-http-connection@1.0.7": "/@walletconnect/universal-provider/dist/index.es.js",
  "@walletconnect/jsonrpc-provider@1.0.13": "/@walletconnect/universal-provider/dist/index.es.js",
  "@walletconnect/jsonrpc-types@1.0.3": "/@walletconnect/jsonrpc-utils/dist/esm/types.js",
  "@walletconnect/jsonrpc-utils@1.0.8": "/@walletconnect/universal-provider/dist/index.es.js",
  "@walletconnect/jsonrpc-ws-connection@1.0.14": "/@walletconnect/core/dist/index.es.js",
  "@walletconnect/keyvaluestorage@1.1.1": "/@walletconnect/core/dist/index.es.js",
  "@walletconnect/logger@2.0.1": "/@walletconnect/universal-provider/dist/index.es.js",
  "@walletconnect/modal-core@2.6.2": "/@walletconnect/modal/dist/index.js",
  "@walletconnect/modal-ui@2.6.2": "/@walletconnect/modal/dist/index.js",
  "@walletconnect/modal@2.6.2": "/@walletconnect/ethereum-provider/dist/index.es.js",
  "@walletconnect/relay-api@1.0.9": "/@walletconnect/utils/dist/index.es.js",
  "@walletconnect/relay-auth@1.0.4": "/@walletconnect/core/dist/index.es.js",
  "@walletconnect/safe-json@1.0.2": "/@walletconnect/jsonrpc-http-connection/dist/esm/http.js",
  "@walletconnect/sign-client@2.11.1": "/@walletconnect/universal-provider/dist/index.es.js",
  "@walletconnect/time@1.0.2": "/@walletconnect/utils/dist/index.es.js",
  "@walletconnect/types@2.11.1": "/@walletconnect/sign-client/dist/index.es.js",
  "@walletconnect/universal-provider@2.11.1": "/@walletconnect/ethereum-provider/dist/index.es.js",
  "@walletconnect/utils@2.11.1": "/@walletconnect/ethereum-provider/dist/index.es.js",
  "@walletconnect/window-getters@1.0.1": "/@walletconnect/utils/dist/index.es.js",
  "@walletconnect/window-metadata@1.0.1": "/@walletconnect/utils/dist/index.es.js",
  "@web3modal/common@4.1.1": "/@web3modal/scaffold/dist/esm/src/views/w3m-onramp-activity-view/index.js",
  "@web3modal/core@4.1.1": "/@web3modal/scaffold/dist/esm/index.js",
  "@web3modal/ethers@4.1.1": "/Users/vigoss/work/test/webpack-plugin-deps-analyzer/tests/fixtures/web3Modal/main.js",
  "@web3modal/polyfills@4.1.1": "/@web3modal/ethers/dist/esm/src/utils/defaultConfig.js",
  "@web3modal/scaffold-utils@4.1.1": "/@web3modal/ethers/dist/esm/src/client.js",
  "@web3modal/scaffold@4.1.1": "/@web3modal/ethers/dist/esm/src/client.js",
  "@web3modal/siwe@4.1.1": "/@web3modal/scaffold/dist/esm/src/client.js",
  "@web3modal/ui@4.1.1": "/@web3modal/scaffold/dist/esm/src/client.js",
  "@web3modal/wallet@4.1.1": "/@web3modal/ethers/dist/esm/src/client.js",
  "aes-js@4.0.0-beta.5": "/ethers/lib.esm/wallet/json-crowdsale.js",
  "async-mutex@0.2.6": "/eth-json-rpc-filters/index.js",
  "base64-js@1.5.1": "/buffer/index.js",
  "bn.js@5.2.1": "/@coinbase/wallet-sdk/dist/provider/CoinbaseWalletProvider.js",
  "buffer@6.0.3": "/@web3modal/polyfills/dist/esm/index.js",
  "clsx@1.2.1": "/@coinbase/wallet-sdk/dist/relay/walletlink/ui/components/RedirectDialog/RedirectDialog.js",
  "cross-fetch@3.1.8": "/@walletconnect/jsonrpc-http-connection/dist/esm/http.js",
  "dayjs@1.11.10": "/@web3modal/common/dist/esm/src/utils/DateUtil.js",
  "debug@4.3.4": "/@metamask/utils/dist/logging.js",
  "decode-uri-component@0.2.2": "/query-string/index.js",
  "destr@2.0.3": "/unstorage/dist/index.mjs",
  "detect-browser@5.3.0": "/@walletconnect/utils/dist/index.es.js",
  "dijkstrajs@1.0.3": "/qrcode/lib/core/segments.js",
  "encode-utf8@1.0.3": "/qrcode/lib/core/byte-data.js",
  "eth-block-tracker@7.1.0": "/@coinbase/wallet-sdk/dist/provider/SubscriptionManager.js",
  "eth-json-rpc-filters@6.0.1": "/@coinbase/wallet-sdk/dist/provider/SubscriptionManager.js",
  "eth-query@2.1.2": "/eth-json-rpc-filters/log-filter.js",
  "eth-rpc-errors@4.0.3": "/json-rpc-engine/dist/JsonRpcEngine.js",
  "ethers@6.11.1": "/@web3modal/ethers/dist/esm/src/client.js",
  "eventemitter3@5.0.1": "/@coinbase/wallet-sdk/dist/provider/CoinbaseWalletProvider.js",
  "events@3.3.0": "/@walletconnect/ethereum-provider/dist/index.es.js",
  "fast-safe-stringify@2.1.1": "/eth-rpc-errors/dist/classes.js",
  "filter-obj@1.1.0": "/query-string/index.js",
  "hey-listen@1.0.8": "/@motionone/dom/dist/animate/create-animate.es.js",
  "idb-keyval@6.2.1": "/@walletconnect/keyvaluestorage/dist/index.es.js",
  "ieee754@1.2.1": "/buffer/index.js",
  "inherits@2.0.4": "/sha.js/sha.js",
  "isomorphic-unfetch@3.1.0": "/@walletconnect/core/dist/index.es.js",
  "json-rpc-engine@6.1.0": "/eth-json-rpc-filters/subscriptionManager.js",
  "json-rpc-random-id@1.0.1": "/eth-block-tracker/dist/SubscribeBlockTracker.js",
  "keccak@3.0.4": "/@coinbase/wallet-sdk/dist/vendor-js/eth-eip712-util/util.js",
  "lit-element@3.3.3": "/lit/index.js",
  "lit-element@4.0.4": "/lit/index.js",
  "lit-html@2.8.0": "/lit/index.js",
  "lit-html@3.1.2": "/lit/index.js",
  "lit@2.8.0": "/@walletconnect/modal-ui/dist/index.js",
  "lit@3.1.0": "/@web3modal/scaffold/dist/esm/src/modal/w3m-account-button/index.js",
  "lodash.isequal@4.5.0": "/@walletconnect/core/dist/index.es.js",
  "lru-cache@6.0.0": "/semver/classes/range.js",
  "motion@10.16.2": "/@walletconnect/modal-ui/dist/index.js",
  "ms@2.1.2": "/debug/src/common.js",
  "multiformats@9.9.0": "/uint8arrays/esm/src/util/bases.js",
  "pify@3.0.0": "/eth-block-tracker/dist/PollingBlockTracker.js",
  "pify@5.0.0": "/eth-json-rpc-filters/log-filter.js",
  "pino@7.11.0": "/@walletconnect/logger/dist/cjs/index.js",
  "preact-hooks@0.1.0": "/@coinbase/wallet-sdk/dist/relay/walletlink/ui/components/Snackbar/Snackbar.js",
  "preact@10.20.1": "/@coinbase/wallet-sdk/dist/relay/walletlink/ui/components/RedirectDialog/RedirectDialog.js",
  "proxy-compare@2.5.1": "/valtio/esm/vanilla.mjs",
  "qrcode@1.5.3": "/@walletconnect/modal-ui/dist/index.js",
  "query-string@7.1.3": "/@walletconnect/utils/dist/index.es.js",
  "quick-format-unescaped@4.0.4": "/pino/browser.js",
  "react@18.2.0": "/valtio/esm/react/utils.mjs",
  "readable-stream@3.6.2": "/keccak/lib/api/shake.js",
  "safe-buffer@5.2.1": "/sha.js/sha.js",
  "semver@7.6.0": "/@metamask/utils/dist/versions.js",
  "sha.js@2.4.11": "/@coinbase/wallet-sdk/dist/relay/Session.js",
  "split-on-first@1.1.0": "/query-string/index.js",
  "strict-uri-encode@2.0.0": "/query-string/index.js",
  "string_decoder@1.3.0": "/readable-stream/lib/_stream_readable.js",
  "superstruct@1.0.4": "/@metamask/utils/dist/checksum.js",
  "tslib@1.14.1": "/@walletconnect/time/dist/cjs/index.js",
  "tslib@2.6.2": "/async-mutex/lib/Mutex.js",
  "uint8arrays@3.1.1": "/@walletconnect/utils/dist/index.es.js",
  "unfetch@4.2.0": "/isomorphic-unfetch/browser.js",
  "unstorage@1.10.2": "/@walletconnect/keyvaluestorage/dist/index.es.js",
  "use-sync-external-store@1.2.0": "/valtio/esm/react.mjs",
  "util-deprecate@1.0.2": "/readable-stream/lib/_stream_writable.js",
  "valtio@1.11.2": "/@web3modal/scaffold-utils/dist/esm/src/EthersStoreUtil.js",
  "ws@7.5.9": "/@walletconnect/jsonrpc-ws-connection/dist/index.es.js",
  "xtend@4.0.2": "/eth-query/index.js",
  "yallist@4.0.0": "/lru-cache/index.js",
  "zod@3.22.4": "/@web3modal/wallet/dist/esm/src/W3mFrameSchema.js",
}
`;
